---
source: src/responses/tests/select_success.rs
expression: response

---
{
  "jsonapi": {
    "version": "1.0"
  },
  "links": {
    "self": "/comments/073b5936-0acb-4601-b4b7-9de607dfc2ef"
  },
  "data": {
    "type": "comments",
    "id": "073b5936-0acb-4601-b4b7-9de607dfc2ef",
    "attributes": "<some data>"
  }
}
